›                           ↵ replay last · r N replay #N · ? help · ctrl-c quit
› r 4\x1b                   ↵ replay last · r N replay #N · ? help · ctrl-c quit
● live · Acme | Payments · 3 requests                                ctrl-c quit
○ reconnecting · Acme | Payments · dial tcp: connection refused\x1b[2J
◌ stopping… · evil\x1b]0;title\x07\n · 0 requests              ctrl-c force quit
● live · Acme | Payments · 12 requests …
› r 4 
