[94m● src_stripe[m
[92m● src_github[m
[32m● src_shopify[m
[42m [m[30;42m200[m[42m [m
[43m [m[30;43m307[m[43m [m
[41m [m[30;41m404[m[41m [m
[41m [m[30;41m500[m[41m [m
[41m [m[30;41m0[m[41m [m
[100m [m[97;100mPOST[m[100m [m
[2mtext[m
[1mtext[m
[32mtext[m
[33mtext[m
[31mtext[m
