● live · Acme | Payments · 5 requests · 2 ok · 3 failed · p50 35ms
● stripe   ● github   paused on #4 · f follows newest
╭─ Requests ─────────────────────────────────────────────────────────────── 5 ─╮
│   #  TIME      SOURCE  METHOD  PATH                   STATUS   LATENCY       │
│   1  14:02:01  stripe  POST    /hooks                 200          7ms       │
│   2  14:02:02  github  POST    /github                500         14ms       │
│   3  14:02:03  stripe  POST    /hooks                 refused        —       │
│ › 4  14:02:04  stripe  POST    /refunds               200         28ms       │
│   5  14:02:05  github  POST    /other                 404         35ms       │
╰──────────────────────────────────────────────────────────────────────────────╯
╭─ #4 stripe · POST /refunds ────────────────────────────────────────── req_4 ─╮
│ Overview   Request   Response   Timing                                       │
│ ━━━━━━━━                                                                     │
│  200 OK  28ms  → http://localhost:3000/refunds                               │
│                                                                              │
│ source    stripe                                                             │
│ route     refunds → http://localhost:3000/refunds                            │
│ received  14:02:04.000                                                       │
│                                                                              │
│ replays are local: they never change the delivery's status in Hookspot       │
│                                                                              │
│                                                                              │
╰──────────────────────────────────────────────────────────────────────────────╯
↑↓ select  ←→ tabs  f follow  r replay  c curl  e export  t test  s sources …