● live · Acme | Payments · 6 requests · 3 ok · 3 failed · p50 21ms                                        → http://localhost:3000 · 14:02:00
Sources · 2 sources · 3 routes · stats since listen started
╭─ Sources & routes ───────────────────────────────────────────────────────────────────────────────────────────────────────────────────────╮
│   SOURCE  PUBLIC URL                           ROUTE     DESTINATION                    REQS  OK  FAIL   P50  LAST                       │
│   stripe  https://in.hookspot.test/src_stripe  payments  http://localhost:3000/hooks       3   2     1  21ms  14:02:06 200               │
│ ›  └                                           refunds   http://localhost:3000/refunds     1   1     0  14ms  14:02:04 200               │
│   github  https://in.hookspot.test/src_github  /github   http://localhost:3000/github      1   0     1   7ms  14:02:02 500               │
│   total · 1 unmatched                                                                      6   3     3  21ms                             │
╰──────────────────────────────────────────────────────────────────────────────────────────────────────────────────────────────────────────╯
╭─ stripe → refunds ────────────────────────────────── press c, then a number, to copy ─╮ ╭─ Activity ─────────────────────────────────────╮
│  1   public URL   https://in.hookspot.test/src_stripe                                 │ │ requests    1 · 1 ok · 0 failed                │
│  2   source ID    src_stripe                                                          │ │ latency     p50 14ms · p95 27ms · max 28ms     │
│  3   destination  http://localhost:3000/refunds                                       │ │ per minute  ▁▁▁▁▁▁▁▁▁▁▁▁▁▁█  last 15 min       │
│  4   route ID     rte_refunds                                                         │ │ last        #4  14:02:04  200                  │
│  5   listen       hookspot listen stripe --forward-to http://localhost:3000           │ │ status      200  ███████████████████████████ 1 │
│  6   test         curl -X POST 'https://in.hookspot.test/src_stripe' -H 'Content-Typ… │ │                                                │
│                                                                                       │ │                                                │
│                                                                                       │ │                                                │
│                                                                                       │ │                                                │
│                                                                                       │ │                                                │
│                                                                                       │ │                                                │
│                                                                                       │ │                                                │
╰───────────────────────────────────────────────────────────────────────────────────────╯ ╰────────────────────────────────────────────────╯
↑↓ select  c copy…  t test  esc back  ? help  q quit