╭─ ✗ Error ────────────────────────────────────────────────────────────────────────────────────────────────────────────╮
│ resolve project: GET https://example.test/cli/projects/proj_1: 404 Not Found: not_found                              │
│                                                                                                                      │
│ The project may have been deleted or your access removed. Select a project with 'hookspot project use', 'hookspot    │
│ login', --project, or HOOKSPOT_ORGANIZATION_SLUG and HOOKSPOT_PROJECT_SLUG.                                          │
╰──────────────────────────────────────────────────────────────────────────────────────────────────────────────────────╯
