╭─ ✗ Error ────────────────────────────────────────────────────────────────────╮
│ resolve project: GET https://example.test/cli/projects/01jfrawprojectuid:    │
│ 404 Not Found: not_found                                                     │
│                                                                              │
│ The project may have been deleted, your access removed, or its UID saved by  │
│ an older Hookspot CLI. Select a project with 'hookspot project use',         │
│ 'hookspot login', --project, or HOOKSPOT_ORGANIZATION_SLUG and               │
│ HOOKSPOT_PROJECT_SLUG.                                                       │
╰──────────────────────────────────────────────────────────────────────────────╯
