╭─ #8 stripe · POST /api/webhooks ────────────────────────────── 12:34:56.789 ─╮
│  400 Bad Request  3ms  → http://localhost:3000/api/webhooks                  │
│ req_01JFULLREQUESTUID                                                        │
├─ request · text/plain · 19 B ────────────────────────────────────────────────┤
│ 1234…                                                                        │
│ seco…                                                                        │
│ … 1 more line                                                                │
├─ response · text/plain · 41 B ───────────────────────────────────────────────┤
│ {                                                                            │
│   "e…                                                                        │
│ … 2 more lines                                                               │
╰──────────────────────────────────────────────────────────────────────────────╯
