╭─ #3 stripe · POST /api/webhooks ────────────────────────────── 12:34:56.789 ─╮
│                                                        req_01JFULLREQUESTUID │
├─ headers · 1 ────────────────────────────────────────────────────────────────┤
│ content-type  application/octet-stream                                       │
├─ body · application/octet-stream · 3 B ──────────────────────────────────────┤
╰──────────────────────────────────────────────────────────────────────────────╯

╭─ #4 shopify · PUT / ────────────────────────────────────────── 12:34:56.789 ─╮
├─ headers · none ─────────────────────────────────────────────────────────────┤
├─ body · empty ───────────────────────────────────────────────────────────────┤
╰──────────────────────────────────────────────────────────────────────────────╯

╭─ #5 stripe · POST /api/webhooks ────────────────────────────── 12:34:56.789 ─╮
│                                                        req_01JFULLREQUESTUID │
├─ headers · none ─────────────────────────────────────────────────────────────┤
├─ body · text/plain · 15 B ───────────────────────────────────────────────────┤
│ plain text body                                                              │
╰──────────────────────────────────────────────────────────────────────────────╯
