● live · Acme | Payments · 3 requests · 1 ok · 2 failed · p50 7ms                                         → http://localhost:3000 · 14:02:00
● stripe   ● github   following newest
╭─ Requests ─────────────────────────────────────────────────────── 3 ─╮ ╭─ #3 stripe · POST /hooks ─────────────────────────────── req_3 ─╮
│   #  TIME      SOURCE  METHOD  PATH           STATUS   LATENCY       │ │ Overview   Request   Response   Timing                          │
│   1  14:02:01  stripe  POST    /hooks         200          7ms       │ │ ━━━━━━━━                                                        │
│   2  14:02:02  github  POST    /github        500         14ms       │ │  ✗ connection refused  21ms  → http://localhost:3000/hooks      │
│ › 3  14:02:03  stripe  POST    /hooks         refused        —       │ │ http://localhost:3000/hooks is not reachable — is your server   │
│                                                                      │ │ running?                                                        │
│                                                                      │ │                                                                 │
│                                                                      │ │  r  replay now                                                  │
│                                                                      │ │  w  wait for localhost:3000, then replay                        │
│                                                                      │ │                                                                 │
│                                                                      │ │ source    stripe                                                │
│                                                                      │ │ route     payments → http://localhost:3000/hooks                │
│                                                                      │ │ received  14:02:03.000                                          │
│                                                                      │ │ target    localhost:3000  ✗ connection refused · #3 at 14:02:03 │
│                                                                      │ │ last ok   #1 at 14:02:01 · 7ms                                  │
│                                                                      │ │                                                                 │
│                                                                      │ │ replays are local: they never change the delivery's status in   │
│                                                                      │ │ Hookspot                                                        │
│                                                                      │ │                                                                 │
│                                                                      │ │                                                                 │
╰──────────────────────────────────────────────────────────────────────╯ ╰─────────────────────────────────────────────────────────────────╯
? help  q quit  ↑↓ select  ←→ tabs  f follow  / filter  r replay  c curl  e export  t test  s sources