● live · Acme | Payments · 0 requests         → http://localhost:3000 · 14:02:00
● stripe   ● github
╭─ Listening in Acme | Payments ──────────────────────── 2 sources • 2 routes ─╮
│ stripe  https://in.hookspot.test/src_stripe                                  │
│   → http://localhost:3000/hooks  payments                                    │
│ github  https://in.hookspot.test/src_github                                  │
│   → http://localhost:3000/github                                             │
╰──────────────────────────────────────────────────────────────────────────────╯
⚠ github is disabled: requests to it are rejected. Enable it in the dashboard.

No requests yet. Check the whole path with a test event:

  The curls are wider than this screen; on Sources (s), c then 6 copies one.

 t  send a test event to stripe








? help  q quit  ↑↓ select  ←→ tabs  f follow  / filter  r replay  c curl …