● live · Acme | Payments · 2 requests · 1 ok · 1 failed · p50 7ms
● stripe   ● github   following newest
/ source:github                                             1 match · esc clears
╭─ Requests · source:github ────────────────────────────────────────── 1 of 2 ─╮
│   #  TIME      SOURCE  METHOD  PATH                   STATUS   LATENCY       │
│ › 2  14:02:02  github  POST    /github                200         14ms       │
│                                                                              │
│                                                                              │
│                                                                              │
│                                                                              │
╰──────────────────────────────────────────────────────────────────────────────╯
╭─ #2 github · POST /github ─────────────────────────────────────────── req_2 ─╮
│ Overview   Request   Response   Timing                                       │
│ ━━━━━━━━                                                                     │
│  200 OK  14ms  → http://localhost:3000/github                                │
│                                                                              │
│ source    github                                                             │
│ route     /github → http://localhost:3000/github                             │
│ received  14:02:02.000                                                       │
│                                                                              │
│ replays are local: they never change the delivery's status in Hookspot       │
│                                                                              │
╰──────────────────────────────────────────────────────────────────────────────╯
? help  q quit  ↑↓ select  ←→ tabs  f follow  / filter  r replay  c curl …