● live · Acme | Payments · 4 requests · 4 ok · 0 failed · p50 14ms
● stripe   ● github   following newest
╭─ Requests ─────────────────────────────────────────────────────────────── 2 ─╮
│   #  TIME      SOURCE  METHOD  PATH                   STATUS   LATENCY       │
│   3  14:02:03  github  POST    /github                200         21ms       │
│ › 4  14:02:04  stripe  POST    /hooks                 200         28ms       │
│                                                                              │
│                                                                              │
│                                                                              │
╰──────────────────────────────────────────────────────────────────────────────╯
╭─ #4 stripe · POST /hooks ──────────────────────────────────────────── req_4 ─╮
│ Overview   Request   Response   Timing                                       │
│ ━━━━━━━━                                                                     │
│  200 OK  28ms  → http://localhost:3000/hooks                                 │
│                                                                              │
│ source    stripe                                                             │
│ route     payments → http://localhost:3000/hooks                             │
│ received  14:02:04.000                                                       │
│                                                                              │
│ replays are local: they never change the delivery's status in Hookspot       │
│                                                                              │
│                                                                              │
╰──────────────────────────────────────────────────────────────────────────────╯
? help  q quit  ↑↓ select  ←→ tabs  f follow  / filter  r replay  c curl …