○ reconnecting · Acme | Payments · 1 request · 0 ok · 1 failed · p50 4ms · dial…
http://localhost:3000/ returned 404. If your webhook route is elsewhere, include
it in --forward-to, e.g. --forward-to http://localhost:3000/webhooks · esc
dismisses
● stripe   ● github   following newest
╭─ Requests ─────────────────────────────────────────────────────────────── 1 ─╮
│   #  TIME      SOURCE  METHOD  PATH                   STATUS   LATENCY       │
│ › 1  14:02:01  stripe  POST    /hooks                 404          7ms       │
│                                                                              │
│                                                                              │
│                                                                              │
╰──────────────────────────────────────────────────────────────────────────────╯
╭─ #1 stripe · POST /hooks ──────────────────────────────────────────── req_1 ─╮
│ Overview   Request   Response   Timing                                       │
│ ━━━━━━━━                                                                     │
│  404 Not Found  7ms  → http://localhost:3000/hooks                           │
│                                                                              │
│  r  replay now                                                               │
│                                                                              │
│ source    stripe                                                             │
│ route     payments → http://localhost:3000/hooks                             │
│ … 5 more lines · pgdn scrolls                                                │
╰──────────────────────────────────────────────────────────────────────────────╯
? help  q quit  ↑↓ select  ←→ tabs  f follow  / filter  r replay  c curl …