● live · Acme | Payments · 1 request · 0 ok · 1 failed · p50 14ms
● stripe   ● github   following newest
╭─ Requests ─────────────────────────────────────────────────────────────── 2 ─╮
│   #  TIME      SOURCE  METHOD  PATH                   STATUS   LATENCY       │
│   1  14:02:01  github  POST    /github                500          7ms       │
│ › 2  14:02:02  github  POST    /github                200         14ms  ↻    │
│                                                                              │
│                                                                              │
│                                                                              │
│                                                                              │
│                                                                              │
╰──────────────────────────────────────────────────────────────────────────────╯
╭─ #2 github · POST /github ─────────────────────────────────────────── req_1 ─╮
│ Overview   Request   Response   Timing                                       │
│ ━━━━━━━━                                                                     │
│ #2 ↻ #1  500 → 200  7ms → 14ms  github · POST /github           14:02:02.000 │
│   -   "ok": false                                                            │
│   +   "ok": true                                                             │
│                                                                              │
│ source    github                                                             │
│ route     /github → http://localhost:3000/github                             │
│ received  14:02:02.000                                                       │
│                                                                              │
│ replays are local: they never change the delivery's status in Hookspot       │
│                                                                              │
│                                                                              │
│                                                                              │
╰──────────────────────────────────────────────────────────────────────────────╯
replayed #1 as #2
↑↓ select  ←→ tabs  f follow  / filter  r replay  c curl  e export  t test …