● live · Acme | Payments · 1 request · 0 ok · 1 failed · p50 14ms
● stripe   ● github   following newest
╭─ Requests ─────────────────────────────────────────────────────────────── 1 ─╮
│   #  TIME      SOURCE  METHOD  PATH                   STATUS   LATENCY       │
│ › 1  14:02:01  github  POST    /github                500          7ms       │
│                                                                              │
│                                                                              │
│                                                                              │
│                                                                              │
│                                                                              │
│                                                                              │
╰──────────────────────────────────────────────────────────────────────────────╯
╭─ #1 github · POST /github ─────────────────────────────────────────── req_1 ─╮
│ Overview   Request   Response   Timing                                       │
│                      ━━━━━━━━                                                │
│  500 Internal Server Error  7ms                                              │
│                                                                              │
│ headers · 1                                                                  │
│ content-type  application/json                                               │
│                                                                              │
│ body · application/json · 12 B                                               │
│ {                                                                            │
│   "ok": false                                                                │
│ }                                                                            │
│                                                                              │
│                                                                              │
│                                                                              │
│                                                                              │
╰──────────────────────────────────────────────────────────────────────────────╯
↑↓ select  ←→ tabs  f follow  / filter  r replay  c curl  e export  t test …