● live · Acme | Payments · 1 request · 0 ok · 1 failed · p50 4ms
● stripe   ● github   paused on #1 · f follows newest
╭─ Requests ─────────────────────────────────────────────────────────────── 1 ─╮
│   #  TIME      SOURCE  METHOD  PATH                   STATUS   LATENCY       │
│ › 1  14:02:01  stripe  POST    /hooks                 500          7ms       │
│                                                                              │
│                                                                              │
│                                                                              │
│                                                                              │
╰──────────────────────────────────────────────────────────────────────────────╯
╭─ #1 stripe · POST /hooks ──────────────────────────────────────────── req_1 ─╮
│ Overview   Request   Response   Timing                                       │
│                      ━━━━━━━━                                                │
│ server         value                                                         │
│ vary           value                                                         │
│ x-request-id   value                                                         │
│ x-runtime      value                                                         │
│                                                                              │
│ body · application/json · 12 B                                               │
│ {                                                                            │
│   "ok": false                                                                │
│ }                                                                            │
╰──────────────────────────────────────────────────────────────────────────────╯
? help  q quit  ↑↓ select  ←→ tabs  f follow  / filter  r replay  c curl …