● live · Acme | Payments · 2 requests · 1 ok · 1 failed · p50 7ms
● stripe   ● github   following newest
╭─ Requests ─────────────────────────────────────────────────────────────── 2 ─╮
│   #  TIME      SOURCE  METHOD  PATH                   STATUS   LATENCY       │
│   1  14:02:01  stripe  POST    /hooks                 200          7ms       │
│ › 2  14:02:02  stripe  POST    /hooks                 timeout     14ms       │
│                                                                              │
│                                                                              │
│                                                                              │
│                                                                              │
│                                                                              │
╰──────────────────────────────────────────────────────────────────────────────╯
╭─ #2 stripe · POST /hooks ──────────────────────────────────────────── req_2 ─╮
│ Overview   Request   Response   Timing                                       │
│                                 ━━━━━━                                       │
│ received  14:02:02.000                                                       │
│ failed    timeout after 14ms                                                 │
│ route     p50 7ms · p95 13ms · max 14ms                                      │
│                                                                              │
│                                                                              │
│                                                                              │
│                                                                              │
│                                                                              │
│                                                                              │
│                                                                              │
│                                                                              │
│                                                                              │
│                                                                              │
╰──────────────────────────────────────────────────────────────────────────────╯
? help  q quit  ↑↓ select  ←→ tabs  f follow  / filter  r replay  c curl …