● live · Acme | Payments · 1 request · 1 ok · 0 failed · p50 4ms
● stripe   ● github   following newest
╭─ Requests ─────────────────────────────────────────────────────────────── 1 ─╮
│   #  TIME      SOURCE  METHOD  PATH                   STATUS   LATENCY       │
│ › 1  14:02:01  stripe  POST    /hooks                 200          7ms       │
│                                                                              │
│                                                                              │
│                                                                              │
│                                                                              │
╰──────────────────────────────────────────────────────────────────────────────╯
╭─ #1 stripe · POST /hooks ──────────────────────────────────────────── req_1 ─╮
│ Overview   Request   Response   Timing                                       │
│ ━━━━━━━━                                                                     │
│  200 OK  7ms  → http://localhost:3000/hooks                                  │
│                                                                              │
│ source    stripe                                                             │
│ route     payments → http://localhost:3000/hooks                             │
│ received  14:02:01.000                                                       │
│                                                                              │
│ replays are local: they never change the delivery's status in Hookspot       │
│                                                                              │
│                                                                              │
╰──────────────────────────────────────────────────────────────────────────────╯
? help  q quit  ↑↓ select  ←→ tabs …         ↑ 1.3.0 · brew upgrade hookspot-cli