╭─ Listening in Acme\x1b]0;title\x07 | LongLongLongLong… ─ 1 source • 1 route ─╮
│ evil\x1b[31m\n  https://in.hookspot.test/path\tPrompt\x1b                    │
│   → http://localhost:3000/\x07  label\x9b2J                                  │
╰──────────────────────────────────────────────────────────────────────────────╯
