╭─ Select a project ──────────────────╮
│   Acme    Project 1                 │
│   Acme    Project 2  current        │
│ › Globex  Project 3                 │
│   Acme    Project 4                 │
│   Acme    Project 5                 │
├─────────────────────────────────────┤
│  ↑↓  move   ↵  select   esc  cancel │
╰─────────────────────────────────────╯