╭─ Select a project ────────── 13/30 ─╮
│   Globex  Project 6                 │
│   Acme    Project 7                 │
│   Acme    Project 8   current       │
│   Globex  Project 9                 │
│   Acme    Project 10                │
│   Acme    Project 11                │
│   Globex  Project 12                │
│ › Acme    Project 13                │
├─────────────────────────────────────┤
│  ↑↓  move   ↵  select   esc  cancel │
╰─────────────────────────────────────╯