■ stopped · Acme | Payments · 1 request                                   → terminal only · hh:mm:ss
● stripe   following newest
╭─ Requests ─────────────────────────────────────────────────────────────────────────────────── 1 ─╮
│   #  TIME      SOURCE  METHOD  PATH                                                              │
│ › 1  hh:mm:ss  stripe  POST    /hooks                                                            │
│                                                                                                  │
│                                                                                                  │
│                                                                                                  │
│                                                                                                  │
╰──────────────────────────────────────────────────────────────────────────────────────────────────╯
╭─ #1 stripe · POST /hooks ────────────────────────────────────────────────────────────────────────╮
│ Overview   Request   Response   Timing                                                           │
│ ━━━━━━━━                                                                                         │
│ printed only: without --forward-to nothing is forwarded                                          │
│                                                                                                  │
│ source    stripe                                                                                 │
│ route     /hooks                                                                                 │
│ received  hh:mm:ss.mmm                                                                           │
│                                                                                                  │
│                                                                                                  │
│                                                                                                  │
│                                                                                                  │
╰──────────────────────────────────────────────────────────────────────────────────────────────────╯
↑↓ select  ←→ tabs  f follow  c curl  e export  t test  s sources  ? help  q quit