● live · Acme | Payments · 5 requests · 2 ok · 3 failed · p50 18ms
● stripe   ● github   following newest
/ status:error                                            2 matches · esc clears
╭─ Requests · status:error ─────────────────────────────────────────── 2 of 3 ─╮
│   #  TIME      SOURCE  METHOD  PATH                   STATUS   LATENCY       │
│   3  14:02:03  stripe  POST    /hooks                 refused        —       │
│ › 4  14:02:04  github  POST    /github                503         28ms       │
│                                                                              │
│                                                                              │
│                                                                              │
╰──────────────────────────────────────────────────────────────────────────────╯
╭─ #4 github · POST /github ─────────────────────────────────────────── req_4 ─╮
│ Overview   Request   Response   Timing                                       │
│ ━━━━━━━━                                                                     │
│  503 Service Unavailable  28ms  → http://localhost:3000/github               │
│                                                                              │
│  r  replay now                                                               │
│                                                                              │
│ source    github                                                             │
│ route     /github → http://localhost:3000/github                             │
│ received  14:02:04.000                                                       │
│ … 4 more lines · pgdn scrolls                                                │
╰──────────────────────────────────────────────────────────────────────────────╯
? help  q quit  ↑↓ select  ←→ tabs  f follow  / filter  r replay  c curl …