● live · Acme | Payments · 1 request · 1 ok · 0 failed · p50 4ms
● stripe   ● github
/ source:shopify                                          0 matches · esc clears
╭─ Requests · source:shopify ───────────────────────────────────────── 0 of 1 ─╮
│   #  TIME      SOURCE  METHOD  PATH                   STATUS   LATENCY       │
│   no request matches · esc clears the filter                                 │
│                                                                              │
│                                                                              │
│                                                                              │
│                                                                              │
╰──────────────────────────────────────────────────────────────────────────────╯












? help  q quit  ↑↓ select  ←→ tabs  f follow  / filter  r replay  c curl …