╭─ Log in ──────────────────────────╮
│ Confirm this code in your browser │
│                                   │
│   AB\x1b[2JCD                     │
╰───────────────────────────────────╯
https://hookspot.invalid/cli/login/browser-token\n\x07
Couldn't open a browser; visit the URL above.
○ Waiting for approval… (Ctrl+C to cancel)
